
Lab - Entering Commands
==========
Follow the instructions line-by-line.  

* Type in the commands as is, but ignore the beginning prompt.  
* Enter, tab, up and down are represented by <ENTER><TAB>,<UP> and <DOWN>.  
* "No output" or "nothing happens" are valid answers to any of the questions.
==========



==========
1. Open Terminal.  Type:

$ ls<ENTER>

Copy and paste the output of ls below.
----------
Desktop		Downloads	Movies		Pictures
Documents	Library		Music		Public
MacBookAir-FVFXH8QFJK7G:~ apple$ 

==========
2a. Type: 

$ ls D<TAB>

What happens?  Describe it below.
----------
Desktop/   Documents/ Downloads/

It selects all the directories with the letter D.
==========
2b. Press <TAB> one more time.  Copy and paste the output below.
----------

Display all 1365 possibilities? (y or n)

==========
2c. Now press <ENTER>. Copy and paste the output below.
----------
!                              mddiagnose
./                             mdfind
2to3-                          mdimport
2to3-2.7                       mdimport32
:                              mdls
AppleFileServer                mdutil
AssetCacheLocatorUtil          memory_pressure
AssetCacheManagerUtil          mesg
AssetCacheTetheratorUtil       mib2c
BootCacheControl               mib2c-update
BuildStrings                   mig
CpMac                          mkbom
DeRez                          mkdep
DevToolsSecurity               mkdir
DirectoryService               mkextunpack
GetFileInfo                    mkfifo
IOAccelMemory                  mkfile
KernelEventAgent               mklocale
MergePef                       mknod
MvMac                          mkpassdb
NetBootClientStatus            mktemp
PasswordService                mmroff
ResMerger                      mnthome
--More--

==========
3.  Type:

$ ls -l Documents<ENTER>

Copy and paste the first *two lines* of output below.
----------

total 4138944
-rwxr-xr-x  1 apple  staff    3373553 May 11  2018 Anna.JPG

==========
4.  Type:

$ ls -a Documents

Copy and paste the first *two lines* of output below.
----------
.					Hotel for Pets.numbers
..					How to Screen Print.key


==========
5.  Type:

<UP><ENTER>

What command was repeated?
----------

ls -l Documents is repeated. 

==========
6.  Type:

<UP><UP><UP><DOWN><ENTER>

What command was repeated?
----------

ls -a Documents is repeted

==========
7.  Type:

$ ls /Vol<TAB><ENTER>

What is the result of pressing tab?
----------

Macintosh HD is the result.

==========
8.  Type:

$ c

Copy and paste the output below.
----------

-bash: c: command not found

==========
9.  What key do I press to go to the previous command?
----------

UP

==========
10.  Name two flags that we used in this exercise.
----------

ls and cd

==========
11.  What key do I use to attempt to autocomplete a command or a file name?
----------

Tab

==========
12.  What was the main command that we used throughout this exercise?
----------
the main command used was ls.


==========
13.  Name one argument that we passed to the command.
----------

-l or -a was used as an argument.

==========
14.  Type:

$ foo<ENTER>

Copy and paste the output below.
----------

-bash: foo: command not found

==========
15.  Type:

<UP><ENTER>

Copy and paste the output below.
----------

-bash: foo: command not found

==========
16.  In the following line....

$ ls -a Desktop

What is the command, flag, argument, and prompt?
----------
the command is ls, the flag is -a, the argument is Desktop the prompt is enter.
